// Jest Snapshot v1, https://goo.gl/fbAQLP

exports[`Character Container should match the snapshot with all the data passed in correctly 1`] = `
<section
  className="character__container"
/>
`;
